
[1m[30m[46m RUN [49m[39m[22m [36mv4.1.5 [39m[90mC:/Users/debal/Code/playlist-converter/frontend[39m

[90mstdout[2m | src/App.test.tsx[2m > [22m[2mApp[2m > [22m[2mrenders the app title
[22m[39mDEBUG START FETCH SOURCE: spotify [90mundefined[39m

[90mstdout[2m | src/App.test.tsx[2m > [22m[2mApp[2m > [22m[2mdisplays source and destination provider sections
[22m[39mDEBUG START FETCH SOURCE: spotify [90mundefined[39m

[90mstdout[2m | src/App.test.tsx[2m > [22m[2mApp[2m > [22m[2mshows login buttons when not authenticated
[22m[39mDEBUG START FETCH SOURCE: spotify [90mundefined[39m

[90mstdout[2m | src/App.test.tsx[2m > [22m[2mApp[2m > [22m[2mdisplays the convert button
[22m[39mDEBUG START FETCH SOURCE: spotify [90mundefined[39m

[90mstdout[2m | src/App.test.tsx[2m > [22m[2mApp[2m > [22m[2mreads default source from sessionStorage
[22m[39mDEBUG START FETCH SOURCE: spotify [90mundefined[39m

[90mstdout[2m | src/App.test.tsx[2m > [22m[2mApp[2m > [22m[2mreads default destination from sessionStorage
[22m[39mDEBUG START FETCH SOURCE: spotify [90mundefined[39m

[90mstdout[2m | src/App.test.tsx[2m > [22m[2mApp[2m > [22m[2mfetches and displays playlists after token is set
[22m[39mTEST API CLIENT RESULT: {
  playlists: [
    { id: [32m'pl-1'[39m, name: [32m'My Playlist'[39m, description: [32m'A test playlist'[39m },
    { id: [32m'pl-2'[39m, name: [32m'Coding Beats'[39m, description: [32m'Focus music'[39m }
  ]
}
DEBUG START FETCH SOURCE: spotify tok

[90mstdout[2m | src/App.test.tsx[2m > [22m[2mApp[2m > [22m[2mfetches and displays playlists after token is set
[22m[39mDEBUG SUCCESS: [
  { id: [32m'pl-1'[39m, name: [32m'My Playlist'[39m, description: [32m'A test playlist'[39m },
  { id: [32m'pl-2'[39m, name: [32m'Coding Beats'[39m, description: [32m'Focus music'[39m }
]

[90mstdout[2m | src/App.test.tsx[2m > [22m[2mApp[2m > [22m[2mhandles the end-to-end conversion flow
[22m[39mDEBUG START FETCH SOURCE: spotify tok

[90mstdout[2m | src/App.test.tsx[2m > [22m[2mApp[2m > [22m[2mhandles the end-to-end conversion flow
[22m[39mDEBUG SUCCESS: [
  { id: [32m'pl-1'[39m, name: [32m'My Playlist'[39m, description: [32m'A test playlist'[39m },
  { id: [32m'pl-2'[39m, name: [32m'Coding Beats'[39m, description: [32m'Focus music'[39m }
]

 [31m❯[39m src/App.test.tsx [2m([22m[2m9 tests[22m[2m | [22m[31m2 failed[39m[2m)[22m[33m 2294[2mms[22m[39m
     [32m✓[39m renders the app title[32m 98[2mms[22m[39m
     [32m✓[39m displays source and destination provider sections[32m 26[2mms[22m[39m
     [32m✓[39m shows login buttons when not authenticated[32m 24[2mms[22m[39m
     [32m✓[39m displays the convert button[32m 23[2mms[22m[39m
     [32m✓[39m reads default source from sessionStorage[32m 20[2mms[22m[39m
     [32m✓[39m reads default destination from sessionStorage[32m 20[2mms[22m[39m
[31m     [31m×[31m fetches and displays playlists after token is set[39m[33m 1037[2mms[22m[39m
[31m     [31m×[31m handles the end-to-end conversion flow[39m[33m 1040[2mms[22m[39m
     [32m✓[39m exports apiClient with expected methods[32m 1[2mms[22m[39m
node.exe : 
At line:1 char:1
+ & "C:\nvm4w\nodejs/node.exe" "C:\nvm4w\nodejs/node_modules/npm/bin/np ...
+ ~~~~~~~~~~~~~~~~~~~~~~~~~~~~~~~~~~~~~~~~~~~~~~~~~~~~~~~~~~~~~~~~~~~~~
    + CategoryInfo          : NotSpecified: (:String) [], RemoteException
    + FullyQualifiedErrorId : NativeCommandError
 
[31m⎯⎯⎯⎯⎯⎯⎯[39m[1m[41m Failed Tests 2 [49m[22m[31m⎯⎯⎯⎯⎯⎯⎯[39m

[41m[1m FAIL [22m[49m src/App.test.tsx[2m > [22mApp[2m > [22mfetches and displays playlists after token is set
[31m[1mTestingLibraryElementError[22m[39m: Found multiple elements with the text: My Playlist

Here are the matching elements:

Ignored nodes: comments, script, style
[36m<option[39m
  [33mvalue[39m=[32m"pl-1"[39m
[36m>[39m
  [0mMy Playlist[0m
[36m</option>[39m

Ignored nodes: comments, script, style
[36m<option[39m
  [33mvalue[39m=[32m"pl-1"[39m
[36m>[39m
  [0mMy Playlist[0m
[36m</option>[39m

(If this is intentional, then use the `*AllBy*` variant of the query (like `queryAllByText`, `getAllByText`, or 
`findAllByText`)).

Ignored nodes: comments, script, style
[36m<body>[39m
  [36m<div>[39m
    [36m<div[39m
      [33mclass[39m=[32m"app-container"[39m
    [36m>[39m
      [36m<header[39m
        [33mclass[39m=[32m"header"[39m
      [36m>[39m
        [36m<h1[39m
          [33mclass[39m=[32m"title"[39m
        [36m>[39m
          [0mPortify[0m
        [36m</h1>[39m
        [36m<p[39m
          [33mclass[39m=[32m"subtitle"[39m
        [36m>[39m
          [0mThe Universal Playlist Converter[0m
        [36m</p>[39m
        [36m<div[39m
          [33mclass[39m=[32m"supported-providers-banner"[39m
        [36m>[39m
          [36m<span[39m
            [33mclass[39m=[32m"banner-text"[39m
          [36m>[39m
            [0mSupported Platforms:[0m
          [36m</span>[39m
          [36m<div[39m
            [33mclass[39m=[32m"banner-icons"[39m
          [36m>[39m
            [36m<svg[39m
              [33mclass[39m=[32m"banner-icon spotify"[39m
              [33mfill[39m=[32m"currentColor"[39m
              [33mheight[39m=[32m"1em"[39m
              [33mviewBox[39m=[32m"0 0 24 24"[39m
              [33mwidth[39m=[32m"1em"[39m
              [33mxmlns[39m=[32m"http://www.w3.org/2000/svg"[39m
            [36m>[39m
              [36m<title>[39m
                [0mSpotify[0m
              [36m</title>[39m
              [36m<path[39m
                [33md[39m=[32m"M12 0C5.4 0 0 5.4 0 12s5.4 12 12 12 12-5.4 12-12S18.6 0 12 0zm5.521 
17.34c-.24.359-.66.48-1.021.24-2.82-1.74-6.36-2.101-10.561-1.141-.418.122-.779-.179-.899-.539-.12-.421.18-.78.54-.9 
4.56-1.021 8.52-.6 11.64 1.32.42.18.54.659.3 1.02zm1.44-3.3c-.301.42-.841.6-1.262.3-3.239-1.98-8.159-2.58-11.939-1.38-.
479.12-1.02-.12-1.14-.6-.12-.48.12-1.021.6-1.141C9.6 9.9 15 10.561 18.72 12.84c.361.181.54.78.241 1.2zm.12-3.36C15.24 
8.4 8.82 8.16 5.16 9.301c-.6.179-1.2-.181-1.38-.721-.18-.6.18-1.2.72-1.38 4.2-1.26 11.28-1.02 15.72 1.621.539.3.719 
1.02.419 1.56-.299.421-1.02.599-1.559.3z"[39m
              [36m/>[39m
            [36m</svg>[39m
            [36m<svg[39m
              [33mclass[39m=[32m"banner-icon youtube"[39m
              [33mfill[39m=[32m"currentColor"[39m
              [33mheight[39m=[32m"1em"[39m
              [33mviewBox[39m=[32m"0 0 24 24"[39m
              [33mwidth[39m=[32m"1em"[39m
              [33mxmlns[39m=[32m"http://www.w3.org/2000/svg"[39m
            [36m>[39m
              [36m<title>[39m
                [0mYouTube Music[0m
              [36m</title>[39m
              [36m<path[39m
                [33md[39m=[32m"M12 0C5.376 0 0 5.376 0 12s5.376 12 12 12 12-5.376 12-12S18.624 0 12 0zm0 
19.104c-3.924 0-7.104-3.18-7.104-7.104S8.076 4.896 12 4.896s7.104 3.18 7.104 7.104-3.18 7.104-7.104 
7.104zm0-13.332c-3.432 0-6.228 2.796-6.228 6.228S8.568 18.228 12 18.228s6.228-2.796 6.228-6.228S15.432 5.772 12 
5.772zM9.684 15.54V8.46L15.816 12l-6.132 3.54z"[39m
              [36m/>[39m
            [36m</svg>[39m
            [36m<svg[39m
              [33mclass[39m=[32m"banner-icon tidal"[39m
              [33mfill[39m=[32m"currentColor"[39m
              [33mheight[39m=[32m"1em"[39m
              [33mviewBox[39m=[32m"0 0 24 24"[39m
              [33mwidth[39m=[32m"1em"[39m
              [33mxmlns[39m=[32m"http://www.w3.org/2000/svg"[39m
            [36m>[39m
              [36m<title>[39m
                [0mTidal[0m
              [36m</title>[39m
              [36m<path[39m
                [33md[39m=[32m"M12.01 5.334L8.683 2 5.341 5.334l3.327 3.322 3.342-3.322zM8.683 8.656L5.341 12l3.342 
3.333 3.327-3.333-3.327-3.344zM12.01 12l-3.327 3.333L12.01 18.667l3.342-3.334L12.01 12zM15.353 8.656L12.01 12l3.342 
3.333L18.678 12l-3.325-3.344zM18.678 5.334L15.353 2 12.01 5.334l3.343 3.322 3.325-3.322z"[39m
              [36m/>[39m
            [36m</svg>[39m
          [36m</div>[39m
        [36m</div>[39m
      [36m</header>[39m
      [36m<main[39m
        [33mclass[39m=[32m"converter-card"[39m
      [36m>[39m
        [36m<div[39m
          [33mclass[39m=[32m"provider-section"[39m
        [36m>[39m
          [36m<div[39m
            [33mclass[39m=[32m"provider-box source spotify"[39m
          [36m>[39m
            [36m<button[39m
              [33mclass[39m=[32m"refresh-corner-btn"[39m
              [33mtitle[39m=[32m"Refresh Playlists"[39m
            [36m>[39m
              [36m<svg[39m
                [33maria-hidden[39m=[32m"true"[39m
                [33mclass[39m=[32m"lucide lucide-refresh-ccw"[39m
                [33mfill[39m=[32m"none"[39m
                [33mheight[39m=[32m"16"[39m
                [33mstroke[39m=[32m"currentColor"[39m
                [33mstroke-linecap[39m=[32m"round"[39m
                [33mstroke-linejoin[39m=[32m"round"[39m
                [33mstroke-width[39m=[32m"2"[39m
                [33mviewBox[39m=[32m"0 0 24 24"[39m
                [33mwidth[39m=[32m"16"[39m
                [33mxmlns[39m=[32m"http://www.w3.org/2000/svg"[39m
              [36m>[39m
                [36m<path[39m
                  [33md[39m=[32m"M21 12a9 9 0 0 0-9-9 9.75 9.75 0 0 0-6.74 2.74L3 8"[39m
                [36m/>[39m
                [36m<path[39m
                  [33md[39m=[32m"M3 3v5h5"[39m
                [36m/>[39m
                [36m<path[39m
                  [33md[39m=[32m"M3 12a9 9 0 0 0 9 9 9.75 9.75 0 0 0 6.74-2.74L21 16"[39m
                [36m/>[39m
                [36m<path[39m
                  [33md[39m=[32m"M16 16h5v5"[39m
                [36m/>[39m
              [36m</svg>[39m
            [36m</button>[39m
            [36m<svg[39m
              [33mclass[39m=[32m"provider-icon spotify"[39m
              [33mfill[39m=[32m"currentColor"[39m
              [33mheight[39m=[32m"1em"[39m
              [33mviewBox[39m=[32m"0 0 24 24"[39m
              [33mwidth[39m=[32m"1em"[39m
              [33mxmlns[39m=[32m"http://www.w3.org/2000/svg"[39m
            [36m>[39m
              [36m<path[39m
                [33md[39m=[32m"M12 0C5.4 0 0 5.4 0 12s5.4 12 12 12 12-5.4 12-12S18.6 0 12 0zm5.521 
17.34c-.24.359-.66.48-1.021.24-2.82-1.74-6.36-2.101-10.561-1.141-.418.122-.779-.179-.899-.539-.12-.421.18-.78.54-.9 
4.56-1.021 8.52-.6 11.64 1.32.42.18.54.659.3 1.02zm1.44-3.3c-.301.42-.841.6-1.262.3-3.239-1.98-8.159-2.58-11.939-1.38-.
479.12-1.02-.12-1.14-.6-.12-.48.12-1.021.6-1.141C9.6 9.9 15 10.561 18.72 12.84c.361.181.54.78.241 1.2zm.12-3.36C15.24 
8.4 8.82 8.16 5.16 9.301c-.6.179-1.2-.181-1.38-.721-.18-.6.18-1.2.72-1.38 4.2-1.26 11.28-1.02 15.72 1.621.539.3.719 
1.02.419 1.56-.299.421-1.02.599-1.559.3z"[39m
              [36m/>[39m
            [36m</svg>[39m
            [36m<select[39m
              [33mclass[39m=[32m"provider-select"[39m
            [36m>[39m
              [36m<option[39m
                [33mvalue[39m=[32m"spotify"[39m
              [36m>[39m
                [0mSpotify[0m
              [36m</option>[39m
            [36m</select>[39m
            [36m<div[39m
              [33mclass[39m=[32m"playlist-picker"[39m
            [36m>[39m
              [36m<select[39m
                [33mclass[39m=[32m"provider-select inner"[39m
              [36m>[39m
                [36m<option[39m
                  [33mdisabled[39m=[32m""[39m
                  [33mvalue[39m=[32m""[39m
                [36m>[39m
                  [0mSelect a playlist...[0m
                [36m</option>[39m
                [36m<option[39m
                  [33mvalue[39m=[32m"pl-1"[39m
                [36m>[39m
                  [0mMy Playlist[0m
                [36m</option>[39m
                [36m<option[39m
                  [33mvalue[39m=[32m"pl-2"[39m
                [36m>[39m
                  [0mCoding Beats[0m
                [36m</option>[39m
              [36m</select>[39m
            [36m</div>[39m
            [36m<div[39m
              [33mclass[39m=[32m"provider-role"[39m
            [36m>[39m
              [0mSource[0m
            [36m</div>[39m
          [36m</div>[39m
          [36m<svg[39m
            [33maria-hidden[39m=[32m"true"[39m
            [33mclass[39m=[32m"lucide lucide-arrow-right-left exchange-icon"[39m
            [33mfill[39m=[32m"none"[39m
            [33mheight[39m=[32m"24"[39m
            [33mstroke[39m=[32m"currentColor"[39m
            [33mstroke-linecap[39m=[32m"round"[39m
            [33mstroke-linejoin[39m=[32m"round"[39m
            [33mstroke-width[39m=[32m"2"[39m
            [33mviewBox[39m=[32m"0 0 24 24"[39m
            [33mwidth[39m=[32m"24"[39m
            [33mxmlns[39m=[32m"http://www.w3.org/2000/svg"[39m
          [36m>[39m
            [36m<path[39m
              [33md[39m=[32m"m16 3 4 4-4 4"[39m
            [36m/>[39m
            [36m<path[39m
              [33md[39m=[32m"M20 7H4"[39m
            [36m/>[39m
            [36m<path[39m
              [33md[39m=[32m"m8 21-4-4 4-4"[39m
            [36m/>[39m
            [36m<path[39m
              [33md[39m=[32m"M4 17h16"[39m
            [36m/>[39m
          [36m</svg>[39m
          [36m<div[39m
            [33mclass[39m=[32m"provider-box destination youtube"[39m
          [36m>[39m
            [36m<button[39m
              [33mclass[39m=[32m"refresh-corner-btn"[39m
              [33mtitle[39m=[32m"Refresh Playlists"[39m
            [36m>[39m
              [36m<svg[39m
                [33maria-hidden[39m=[32m"true"[39m
                [33mclass[39m=[32m"lucide lucide-refresh-ccw"[39m
                [33mfill[39m=[32m"none"[39m
                [33mheight[39m=[32m"16"[39m
                [33mstroke[39m=[32m"currentColor"[39m
                [33mstroke-linecap[39m=[32m"round"[39m
                [33mstroke-linejoin[39m=[32m"round"[39m
                [33mstroke-width[39m=[32m"2"[39m
                [33mviewBox[39m=[32m"0 0 24 24"[39m
                [33mwidth[39m=[32m"16"[39m
                [33mxmlns[39m=[32m"http://www.w3.org/2000/svg"[39m
              [36m>[39m
                [36m<path[39m
                  [33md[39m=[32m"M21 12a9 9 0 0 0-9-9 9.75 9.75 0 0 0-6.74 2.74L3 8"[39m
                [36m/>[39m
                [36m<path[39m
                  [33md[39m=[32m"M3 3v5h5"[39m
                [36m/>[39m
                [36m<path[39m
                  [33md[39m=[32m"M3 12a9 9 0 0 0 9 9 9.75 9.75 0 0 0 6.74-2.74L21 16"[39m
                [36m/>[39m
                [36m<path[39m
                  [33md[39m=[32m"M16 16h5v5"[39m
                [36m/>[39m
              [36m</svg>[39m
            [36m</button>[39m
            [36m<svg[39m
              [33mclass[39m=[32m"provider-icon youtube"[39m
              [33mfill[39m=[32m"currentColor"[39m
              [33mheight[39m=[32m"1em"[39m
              [33mviewBox[39m=[32m"0 0 24 24"[39m
              [33mwidth[39m=[32m"1em"[39m
              [33mxmlns[39m=[32m"http://www.w3.org/2000/svg"[39m
            [36m>[39m
              [36m<path[39m
                [33md[39m=[32m"M12 0C5.376 0 0 5.376 0 12s5.376 12 12 12 12-5.376 12-12S18.624 0 12 0zm0 
19.104c-3.924 0-7.104-3.18-7.104-7.104S8.076 4.896 12 4.896s7.104 3.18 7.104 7.104-3.18 7.104-7.104 
7.104zm0-13.332c-3.432 0-6.228 2.796-6.228 6.228S8.568 18.228 12 18.228s6.228-2.796 6.228-6.228S15.432 5.772 12 
5.772zM9.684 15.54V8.46L15.816 12l-6.132 3.54z"[39m
              [36m/>[39m
            [36m</svg>[39m
            [36m<select[39m
              [33mclass[39m=[32m"provider-select"[39m
            [36m>[39m
              [36m<option[39m
                [33mvalue[39m=[32m"youtube"[39m
              [36m>[39m
                [0mYouTube Music[0m
              [36m</option>[39m
            [36m</select>[39m
            [36m<div[39m
              [33mclass[39m=[32m"playlist-picker"[39m
            [36m>[39m
              [36m<select[39m
                [33mclass[39m=[32m"provider-select inner"[39m
              [36m>[39m
                [36m<option[39m
                  [33mvalue[39m=[32m""[39m
                [36m>[39m
                  [0m✨ Create New Playlist[0m
                [36m</option>[39m
                [36m<option[39m
                  [33mvalue[39m=[32m"pl-1"[39m
                [36m>[39m
                  [0mMy Playlist[0m
                [36m</option>[39m
                [36m<option[39m
                  [33mvalue[39m=[32m"pl-2"[39m
                [36m>[39m
                  [0mCoding Beats[0m
                [36m</option>[39m
              [36m</select>[39m
            [36m</div>[39m
            [36m<div[39m
              [33mclass[39m=[32m"provider-role"[39m
            [36m>[39m
              [0mDestination[0m
            [36m</div>[39m
          [36m</div>[39m
        [36m</div>[39m
        [36m<button[39m
          [33mclass[39m=[32m"convert-btn "[39m
        [36m>[39m
          [0mStart Conversion[0m
        [36m</button>[39m
      [36m</main>[39m
    [36m</div>[39m
  [36m</div>[39m
[36m</body>[39m

Ignored nodes: comments, script, style
[36m<html>[39m
  [36m<head />[39m
  [36m<body>[39m
    [36m<div>[39m
      [36m<div[39m
        [33mclass[39m=[32m"app-container"[39m
      [36m>[39m
        [36m<header[39m
          [33mclass[39m=[32m"header"[39m
        [36m>[39m
          [36m<h1[39m
            [33mclass[39m=[32m"title"[39m
          [36m>[39m
            [0mPortify[0m
          [36m</h1>[39m
          [36m<p[39m
            [33mclass[39m=[32m"subtitle"[39m
          [36m>[39m
            [0mThe Universal Playlist Converter[0m
          [36m</p>[39m
          [36m<div[39m
            [33mclass[39m=[32m"supported-providers-banner"[39m
          [36m>[39m
            [36m<span[39m
              [33mclass[39m=[32m"banner-text"[39m
            [36m>[39m
              [0mSupported Platforms:[0m
            [36m</span>[39m
            [36m<div[39m
              [33mclass[39m=[32m"banner-icons"[39m
            [36m>[39m
              [36m<svg[39m
                [33mclass[39m=[32m"banner-icon spotify"[39m
                [33mfill[39m=[32m"currentColor"[39m
                [33mheight[39m=[32m"1em"[39m
                [33mviewBox[39m=[32m"0 0 24 24"[39m
                [33mwidth[39m=[32m"1em"[39m
                [33mxmlns[39m=[32m"http://www.w3.org/2000/svg"[39m
              [36m>[39m
                [36m<title>[39m
                  [0mSpotify[0m
                [36m</title>[39m
                [36m<path[39m
                  [33md[39m=[32m"M12 0C5.4 0 0 5.4 0 12s5.4 12 12 12 12-5.4 12-12S18.6 0 12 0zm5.521 
17.34c-.24.359-.66.48-1.021.24-2.82-1.74-6.36-2.101-10.561-1.141-.418.122-.779-.179-.899-.539-.12-.421.18-.78.54-.9 
4.56-1.021 8.52-.6 11.64 1.32.42.18.54.659.3 1.02zm1.44-3.3c-.301.42-.841.6-1.262.3-3.239-1.98-8.159-2.58-11.939-1.38-.
479.12-1.02-.12-1.14-.6-.12-.48.12-1.021.6-1.141C9.6 9.9 15 10.561 18.72 12.84c.361.181.54.78.241 1.2zm.12-3.36C15.24 
8.4 8.82 8.16 5.16 9.301c-.6.179-1.2-.181-1.38-.721-.18-.6.18-1.2.72-1.38 4.2-1.26 11.28-1.02 15.72 1.621.539.3.719 
1.02.419 1.56-.299.421-1.02.599-1.559.3z"[39m
                [36m/>[39m
              [36m</svg>[39m
              [36m<svg[39m
                [33mclass[39m=[32m"banner-icon youtube"[39m
                [33mfill[39m=[32m"currentColor"[39m
                [33mheight[39m=[32m"1em"[39m
                [33mviewBox[39m=[32m"0 0 24 24"[39m
                [33mwidth[39m=[32m"1em"[39m
                [33mxmlns[39m=[32m"http://www.w3.org/2000/svg"[39m
              [36m>[39m
                [36m<title>[39m
                  [0mYouTube Music[0m
                [36m</title>[39m
                [36m<path[39m
                  [33md[39m=[32m"M12 0C5.376 0 0 5.376 0 12s5.376 12 12 12 12-5.376 12-12S18.624 0 12 0zm0 
19.104c-3.924 0-7.104-3.18-7.104-7.104S8.076 4.896 12 4.896s7.104 3.18 7.104 7.104-3.18 7.104-7.104 
7.104zm0-13.332c-3.432 0-6.228 2.796-6.228 6.228S8.568 18.228 12 18.228s6.228-2.796 6.228-6.228S15.432 5.772 12 
5.772zM9.684 15.54V8.46L15.816 12l-6.132 3.54z"[39m
                [36m/>[39m
              [36m</svg>[39m
              [36m<svg[39m
                [33mclass[39m=[32m"banner-icon tidal"[39m
                [33mfill[39m=[32m"currentColor"[39m
                [33mheight[39m=[32m"1em"[39m
                [33mviewBox[39m=[32m"0 0 24 24"[39m
                [33mwidth[39m=[32m"1em"[39m
                [33mxmlns[39m=[32m"http://www.w3.org/2000/svg"[39m
              [36m>[39m
                [36m<title>[39m
                  [0mTidal[0m
                [36m</title>[39m
                [36m<path[39m
                  [33md[39m=[32m"M12.01 5.334L8.683 2 5.341 5.334l3.327 3.322 3.342-3.322zM8.683 8.656L5.341 
12l3.342 3.333 3.327-3.333-3.327-3.344zM12.01 12l-3.327 3.333L12.01 18.667l3.342-3.334L12.01 12zM15.353 8.656L12.01 
12l3.342 3.333L18.678 12l-3.325-3.344zM18.678 5.334L15.353 2 12.01 5.334l3.343 3.322 3.325-3.322z"[39m
                [36m/>[39m
              [36m</svg>[39m
            [36m</div>[39m
          [36m</div>[39m
        [36m</header>[39m
        [36m<main[39m
          [33mclass[39m=[32m"converter-card"[39m
        [36m>[39m
          [36m<div[39m
            [33mclass[39m=[32m"provider-section"[39m
          [36m>[39m
            [36m<div[39m
              [33mclass[39m=[32m"provider-box source spotify"[39m
            [36m>[39m
              [36m<button[39m
                [33mclass[39m=[32m"refresh-corner-btn"[39m
                [33mtitle[39m=[32m"Refresh Playlists"[39m
              [36m>[39m
                [36m<svg[39m
                  [33maria-hidden[39m=[32m"true"[39m
                  [33mclass[39m=[32m"lucide lucide-refresh-ccw"[39m
                  [33mfill[39m=[32m"none"[39m
                  [33mheight[39m=[32m"16"[39m
                  [33mstroke[39m=[32m"currentColor"[39m
                  [33mstroke-linecap[39m=[32m"round"[39m
                  [33mstroke-linejoin[39m=[32m"round"[39m
                  [33mstroke-width[39m=[32m"2"[39m
                  [33mviewBox[39m=[32m"0 0 24 24"[39m
                  [33mwidth[39m=[32m"16"[39m
                  [33mxmlns[39m=[32m"http://www.w3.org/2000/svg"[39m
                [36m>[39m
                  [36m<path[39m
                    [33md[39m=[32m"M21 12a9 9 0 0 0-9-9 9.75 9.75 0 0 0-6.74 2.74L3 8"[39m
                  [36m/>[39m
                  [36m<path[39m
                    [33md[39m=[32m"M3 3v5h5"[39m
                  [36m/>[39m
                  [36m<path[39m
                    [33md[39m=[32m"M3 12a9 9 0 0 0 9 9 9.75 9.75 0 0 0 6.74-2.74L21 16"[39m
                  [36m/>[39m
                  [36m<path[39m
                    [33md[39m=[32m"M16 16h5v5"[39m
                  [36m/>[39m
                [36m</svg>[39m
              [36m</button>[39m
              [36m<svg[39m
                [33mclass[39m=[32m"provider-icon spotify"[39m
                [33mfill[39m=[32m"currentColor"[39m
                [33mheight[39m=[32m"1em"[39m
                [33mviewBox[39m=[32m"0 0 24 24"[39m
                [33mwidth[39m=[32m"1em"[39m
                [33mxmlns[39m=[32m"http://www.w3.org/2000/svg"[39m
              [36m>[39m
                [36m<path[39m
                  [33md[39m=[32m"M12 0C5.4 0 0 5.4 0 12s5.4 12 12 12 12-5.4 12-12S18.6 0 12 0zm5.521 
17.34c-.24.359-.66.48-1.021.24-2.82-1.74-6.36-2.101-10.561-1.141-.418.122-.779-.179-.899-.539-.12-.421.18-.78.54-.9 
4.56-1.021 8.52-.6 11.64 1.32.42.18.54.659.3 1.02zm1.44-3.3c-.301.42-.841.6-1.262.3-3.239-1.98-8.159-2.58-11.939-1.38-.
479.12-1.02-.12-1.14-.6-.12-.48.12-1.021.6-1.141C9.6 9.9 15 10.561 18.72 12.84c.361.181.54.78.241 1.2zm.12-3.36C15.24 
8.4 8.82 8.16 5.16 9.301c-.6.179-1.2-.181-1.38-.721-.18-.6.18-1.2.72-1.38 4.2-1.26 11.28-1.02 15.72 1.621.539.3.719 
1.02.419 1.56-.299.421-1.02.599-1.559.3z"[39m
                [36m/>[39m
              [36m</svg>[39m
              [36m<select[39m
                [33mclass[39m=[32m"provider-select"[39m
              [36m>[39m
                [36m<option[39m
                  [33mvalue[39m=[32m"spotify"[39m
                [36m>[39m
                  [0mSpotify[0m
                [36m</option>[39m
              [36m</select>[39m
              [36m<div[39m
                [33mclass[39m=[32m"playlist-picker"[39m
              [36m>[39m
                [36m<select[39m
                  [33mclass[39m=[32m"provider-select inner"[39m
                [36m>[39m
                  [36m<option[39m
                    [33mdisabled[39m=[32m""[39m
                    [33mvalue[39m=[32m""[39m
                  [36m>[39m
                    [0mSelect a playlist...[0m
                  [36m</option>[39m
                  [36m<option[39m
                    [33mvalue[39m=[32m"pl-1"[39m
                  [36m>[39m
                    [0mMy Playlist[0m
                  [36m</option>[39m
                  [36m<option[39m
                    [33mvalue[39m=[32m"pl-2"[39m
                  [36m>[39m
                    [0mCoding Beats[0m
                  [36m</option>[39m
                [36m</select>[39m
              [36m</div>[39m
              [36m<div[39m
                [33mclass[39m=[32m"provider-role"[39m
              [36m>[39m
                [0mSource[0m
              [36m</div>[39m
            [36m</div>[39m
            [36m<svg[39m
              [33maria-hidden[39m=[32m"true"[39m
              [33mclass[39m=[32m"lucide lucide-arrow-right-left exchange-icon"[39m
              [33mfill[39m=[32m"none"[39m
              [33mheight[39m=[32m"24"[39m
              [33mstroke[39m=[32m"currentColor"[39m
              [33mstroke-linecap[39m=[32m"round"[39m
              [33mstroke-linejoin[39m=[32m"round"[39m
              [33mstroke-width[39m=[32m"2"[39m
              [33mviewBox[39m=[32m"0 0 24 24"[39m
              [33mwidth[39m=[32m"24"[39m
              [33mxmlns[39m=[32m"http://www.w3.org/2000/svg"[39m
            [36m>[39m
              [36m<path[39m
                [33md[39m=[32m"m16 3 4 4-4 4"[39m
              [36m/>[39m
              [36m<path[39m
                [33md[39m=[32m"M20 7H4"[39m
              [36m/>[39m
              [36m<path[39m
                [33md[39m=[32m"m8 21-4-4 4-4"[39m
              [36m/>[39m
              [36m<path[39m
                [33md[39m=[32m"M4 17h16"[39m
              [36m/>[39m
            [36m</svg>[39m
            [36m<div[39m
              [33mclass[39m=[32m"provider-box destination youtube"[39m
            [36m>[39m
              [36m<button[39m
                [33mclass[39m=[32m"refresh-corner-btn"[39m
                [33mtitle[39m=[32m"Refresh Playlists"[39m
              [36m>[39m
                [36m<svg[39m
                  [33maria-hidden[39m=[32m"true"[39m
                  [33mclass[39m=[32m"lucide lucide-refresh-ccw"[39m
                  [33mfill[39m=[32m"none"[39m
                  [33mheight[39m=[32m"16"[39m
                  [33mstroke[39m=[32m"currentColor"[39m
                  [33mstroke-linecap[39m=[32m"round"[39m
                  [33mstroke-linejoin[39m=[32m"round"[39m
                  [33mstroke-width[39m=[32m"2"[39m
                  [33mviewBox[39m=[32m"0 0 24 24"[39m
                  [33mwidth[39m=[32m"16"[39m
                  [33mxmlns[39m=[32m"http://www.w3.org/2000/svg"[39m
                [36m>[39m
                  [36m<path[39m
                    [33md[39m=[32m"M21 12a9 9 0 0 0-9-9 9.75 9.75 0 0 0-6.74 2.74L3 8"[39m
                  [36m/>[39m
                  [36m<path[39m
                    [33md[39m=[32m"M3 3v5h5"[39m
                  [36m/>[39m
                  [36m<path[39m
                    [33md[39m=[32m"M3 12a9 9 0 0 0 9 9 9.75 9.75 0 0 0 6.74-2.74L21 16"[39m
                  [36m/>[39m
                  [36m<path[39m
                    [33md[39m=[32m"M16 16h5v5"[39m
                  [36m/>[39m
                [36m</svg>[39m
              [36m</button>[39m
              [36m<svg[39m
                [33mclass[39m=[32m"provider-icon youtube"[39m
                [33mfill[39m=[32m"currentColor"[39m
                [33mheight[39m=[32m"1em"[39m
                [33mviewBox[39m=[32m"0 0 24 24"[39m
                [33mwidth[39m=[32m"1em"[39m
                [33mxmlns[39m=[32m"http://www.w3.org/2000/svg"[39m
              [36m>[39m
                [36m<path[39m
                  [33md[39m=[32m"M12 0C5.376 0 0 5.376 0 12s5.376 12 12 12 12-5.376 12-12S18.624 0 12 0zm0 
19.104c-3.924 0-7.104-3.18-7.104-7.104S8.076 4.896 12 4.896s7.104 3.18 7.104 7.104-3.18 7.104-7.104 
7.104zm0-13.332c-3.432 0-6.228 2.796-6.228 6.228S8.568 18.228 12 18.228s6.228-2.796 6.228-6.228S15.432 5.772 12 
5.772zM9.684 15.54V8.46L15.816 12l-6.132 3.54z"[39m
                [36m/>[39m
              [36m</svg>[39m
              [36m<select[39m
                [33mclass[39m=[32m"provider-select"[39m
              [36m>[39m
                [36m<option[39m
                  [33mvalue[39m=[32m"youtube"[39m
                [36m>[39m
                  [0mYouTube Music[0m
                [36m</option>[39m
              [36m</select>[39m
              [36m<div[39m
                [33mclass[39m=[32m"playlist-picker"[39m
              [36m>[39m
                [36m<select[39m
                  [33mclass[39m=[32m"provider-select inner"[39m
                [36m>[39m
                  [36m<option[39m
                    [33mvalue[39m=[32m""[39m
                  [36m>[39m
                    [0m✨ Create New Playlist[0m
                  [36m</option>[39m
                  [36m<option[39m
                    [33mvalue[39m=[32m"pl-1"[39m
                  [36m>[39m
                    [0mMy Playlist[0m
                  [36m</option>[39m
                  [36m<option[39m
                    [33mvalue[39m=[32m"pl-2"[39m
                  [36m>[39m
                    [0mCoding Beats[0m
                  [36m</option>[39m
                [36m</select>[39m
              [36m</div>[39m
              [36m<div[39m
                [33mclass[39m=[32m"provider-role"[39m
              [36m>[39m
                [0mDestination[0m
              [36m</div>[39m
            [36m</div>[39m
          [36m</div>[39m
          [36m<button[39m
            [33mclass[39m=[32m"convert-btn "[39m
          [36m>[39m
            [0mStart Conversion[0m
          [36m</button>[39m
        [36m</main>[39m
      [36m</div>[39m
    [36m</div>[39m
  [36m</body>[39m
[36m</html>[39m
[90m [2m❯[22m Proxy.waitForWrapper node_modules/@testing-library/dom/dist/wait-for.js:[2m163:27[22m[39m
[36m [2m❯[22m src/App.test.tsx:[2m119:11[22m[39m
    [90m117|[39m
    [90m118|[39m     // We should see the mocked playlists "My Playlist" and "Coding Be…
    [90m119|[39m     [35mawait[39m [34mwaitFor[39m(() [33m=>[39m {
    [90m   |[39m           [31m^[39m
    [90m120|[39m       [34mexpect[39m(screen[33m.[39m[34mgetByText[39m([32m'My 
Playlist'[39m))[33m.[39m[34mtoBeDefined[39m()
    [90m121|[39m       [34mexpect[39m(screen[33m.[39m[34mgetByText[39m([32m'Coding 
Beats'[39m))[33m.[39m[34mtoBeDefined[39m()

[31m[2m⎯⎯⎯⎯⎯⎯⎯⎯⎯⎯⎯⎯⎯⎯⎯⎯⎯⎯⎯⎯⎯⎯⎯⎯[1/2]⎯[22m[39m

[41m[1m FAIL [22m[49m src/App.test.tsx[2m > [22mApp[2m > [22mhandles the end-to-end conversion flow
[31m[1mTestingLibraryElementError[22m[39m: Found multiple elements with the text: My Playlist

Here are the matching elements:

Ignored nodes: comments, script, style
[36m<option[39m
  [33mvalue[39m=[32m"pl-1"[39m
[36m>[39m
  [0mMy Playlist[0m
[36m</option>[39m

Ignored nodes: comments, script, style
[36m<option[39m
  [33mvalue[39m=[32m"pl-1"[39m
[36m>[39m
  [0mMy Playlist[0m
[36m</option>[39m

(If this is intentional, then use the `*AllBy*` variant of the query (like `queryAllByText`, `getAllByText`, or 
`findAllByText`)).

Ignored nodes: comments, script, style
[36m<body>[39m
  [36m<div>[39m
    [36m<div[39m
      [33mclass[39m=[32m"app-container"[39m
    [36m>[39m
      [36m<header[39m
        [33mclass[39m=[32m"header"[39m
      [36m>[39m
        [36m<h1[39m
          [33mclass[39m=[32m"title"[39m
        [36m>[39m
          [0mPortify[0m
        [36m</h1>[39m
        [36m<p[39m
          [33mclass[39m=[32m"subtitle"[39m
        [36m>[39m
          [0mThe Universal Playlist Converter[0m
        [36m</p>[39m
        [36m<div[39m
          [33mclass[39m=[32m"supported-providers-banner"[39m
        [36m>[39m
          [36m<span[39m
            [33mclass[39m=[32m"banner-text"[39m
          [36m>[39m
            [0mSupported Platforms:[0m
          [36m</span>[39m
          [36m<div[39m
            [33mclass[39m=[32m"banner-icons"[39m
          [36m>[39m
            [36m<svg[39m
              [33mclass[39m=[32m"banner-icon spotify"[39m
              [33mfill[39m=[32m"currentColor"[39m
              [33mheight[39m=[32m"1em"[39m
              [33mviewBox[39m=[32m"0 0 24 24"[39m
              [33mwidth[39m=[32m"1em"[39m
              [33mxmlns[39m=[32m"http://www.w3.org/2000/svg"[39m
            [36m>[39m
              [36m<title>[39m
                [0mSpotify[0m
              [36m</title>[39m
              [36m<path[39m
                [33md[39m=[32m"M12 0C5.4 0 0 5.4 0 12s5.4 12 12 12 12-5.4 12-12S18.6 0 12 0zm5.521 
17.34c-.24.359-.66.48-1.021.24-2.82-1.74-6.36-2.101-10.561-1.141-.418.122-.779-.179-.899-.539-.12-.421.18-.78.54-.9 
4.56-1.021 8.52-.6 11.64 1.32.42.18.54.659.3 1.02zm1.44-3.3c-.301.42-.841.6-1.262.3-3.239-1.98-8.159-2.58-11.939-1.38-.
479.12-1.02-.12-1.14-.6-.12-.48.12-1.021.6-1.141C9.6 9.9 15 10.561 18.72 12.84c.361.181.54.78.241 1.2zm.12-3.36C15.24 
8.4 8.82 8.16 5.16 9.301c-.6.179-1.2-.181-1.38-.721-.18-.6.18-1.2.72-1.38 4.2-1.26 11.28-1.02 15.72 1.621.539.3.719 
1.02.419 1.56-.299.421-1.02.599-1.559.3z"[39m
              [36m/>[39m
            [36m</svg>[39m
            [36m<svg[39m
              [33mclass[39m=[32m"banner-icon youtube"[39m
              [33mfill[39m=[32m"currentColor"[39m
              [33mheight[39m=[32m"1em"[39m
              [33mviewBox[39m=[32m"0 0 24 24"[39m
              [33mwidth[39m=[32m"1em"[39m
              [33mxmlns[39m=[32m"http://www.w3.org/2000/svg"[39m
            [36m>[39m
              [36m<title>[39m
                [0mYouTube Music[0m
              [36m</title>[39m
              [36m<path[39m
                [33md[39m=[32m"M12 0C5.376 0 0 5.376 0 12s5.376 12 12 12 12-5.376 12-12S18.624 0 12 0zm0 
19.104c-3.924 0-7.104-3.18-7.104-7.104S8.076 4.896 12 4.896s7.104 3.18 7.104 7.104-3.18 7.104-7.104 
7.104zm0-13.332c-3.432 0-6.228 2.796-6.228 6.228S8.568 18.228 12 18.228s6.228-2.796 6.228-6.228S15.432 5.772 12 
5.772zM9.684 15.54V8.46L15.816 12l-6.132 3.54z"[39m
              [36m/>[39m
            [36m</svg>[39m
            [36m<svg[39m
              [33mclass[39m=[32m"banner-icon tidal"[39m
              [33mfill[39m=[32m"currentColor"[39m
              [33mheight[39m=[32m"1em"[39m
              [33mviewBox[39m=[32m"0 0 24 24"[39m
              [33mwidth[39m=[32m"1em"[39m
              [33mxmlns[39m=[32m"http://www.w3.org/2000/svg"[39m
            [36m>[39m
              [36m<title>[39m
                [0mTidal[0m
              [36m</title>[39m
              [36m<path[39m
                [33md[39m=[32m"M12.01 5.334L8.683 2 5.341 5.334l3.327 3.322 3.342-3.322zM8.683 8.656L5.341 12l3.342 
3.333 3.327-3.333-3.327-3.344zM12.01 12l-3.327 3.333L12.01 18.667l3.342-3.334L12.01 12zM15.353 8.656L12.01 12l3.342 
3.333L18.678 12l-3.325-3.344zM18.678 5.334L15.353 2 12.01 5.334l3.343 3.322 3.325-3.322z"[39m
              [36m/>[39m
            [36m</svg>[39m
          [36m</div>[39m
        [36m</div>[39m
      [36m</header>[39m
      [36m<main[39m
        [33mclass[39m=[32m"converter-card"[39m
      [36m>[39m
        [36m<div[39m
          [33mclass[39m=[32m"provider-section"[39m
        [36m>[39m
          [36m<div[39m
            [33mclass[39m=[32m"provider-box source spotify"[39m
          [36m>[39m
            [36m<button[39m
              [33mclass[39m=[32m"refresh-corner-btn"[39m
              [33mtitle[39m=[32m"Refresh Playlists"[39m
            [36m>[39m
              [36m<svg[39m
                [33maria-hidden[39m=[32m"true"[39m
                [33mclass[39m=[32m"lucide lucide-refresh-ccw"[39m
                [33mfill[39m=[32m"none"[39m
                [33mheight[39m=[32m"16"[39m
                [33mstroke[39m=[32m"currentColor"[39m
                [33mstroke-linecap[39m=[32m"round"[39m
                [33mstroke-linejoin[39m=[32m"round"[39m
                [33mstroke-width[39m=[32m"2"[39m
                [33mviewBox[39m=[32m"0 0 24 24"[39m
                [33mwidth[39m=[32m"16"[39m
                [33mxmlns[39m=[32m"http://www.w3.org/2000/svg"[39m
              [36m>[39m
                [36m<path[39m
                  [33md[39m=[32m"M21 12a9 9 0 0 0-9-9 9.75 9.75 0 0 0-6.74 2.74L3 8"[39m
                [36m/>[39m
                [36m<path[39m
                  [33md[39m=[32m"M3 3v5h5"[39m
                [36m/>[39m
                [36m<path[39m
                  [33md[39m=[32m"M3 12a9 9 0 0 0 9 9 9.75 9.75 0 0 0 6.74-2.74L21 16"[39m
                [36m/>[39m
                [36m<path[39m
                  [33md[39m=[32m"M16 16h5v5"[39m
                [36m/>[39m
              [36m</svg>[39m
            [36m</button>[39m
            [36m<svg[39m
              [33mclass[39m=[32m"provider-icon spotify"[39m
              [33mfill[39m=[32m"currentColor"[39m
              [33mheight[39m=[32m"1em"[39m
              [33mviewBox[39m=[32m"0 0 24 24"[39m
              [33mwidth[39m=[32m"1em"[39m
              [33mxmlns[39m=[32m"http://www.w3.org/2000/svg"[39m
            [36m>[39m
              [36m<path[39m
                [33md[39m=[32m"M12 0C5.4 0 0 5.4 0 12s5.4 12 12 12 12-5.4 12-12S18.6 0 12 0zm5.521 
17.34c-.24.359-.66.48-1.021.24-2.82-1.74-6.36-2.101-10.561-1.141-.418.122-.779-.179-.899-.539-.12-.421.18-.78.54-.9 
4.56-1.021 8.52-.6 11.64 1.32.42.18.54.659.3 1.02zm1.44-3.3c-.301.42-.841.6-1.262.3-3.239-1.98-8.159-2.58-11.939-1.38-.
479.12-1.02-.12-1.14-.6-.12-.48.12-1.021.6-1.141C9.6 9.9 15 10.561 18.72 12.84c.361.181.54.78.241 1.2zm.12-3.36C15.24 
8.4 8.82 8.16 5.16 9.301c-.6.179-1.2-.181-1.38-.721-.18-.6.18-1.2.72-1.38 4.2-1.26 11.28-1.02 15.72 1.621.539.3.719 
1.02.419 1.56-.299.421-1.02.599-1.559.3z"[39m
              [36m/>[39m
            [36m</svg>[39m
            [36m<select[39m
              [33mclass[39m=[32m"provider-select"[39m
            [36m>[39m
              [36m<option[39m
                [33mvalue[39m=[32m"spotify"[39m
              [36m>[39m
                [0mSpotify[0m
              [36m</option>[39m
            [36m</select>[39m
            [36m<div[39m
              [33mclass[39m=[32m"playlist-picker"[39m
            [36m>[39m
              [36m<select[39m
                [33mclass[39m=[32m"provider-select inner"[39m
              [36m>[39m
                [36m<option[39m
                  [33mdisabled[39m=[32m""[39m
                  [33mvalue[39m=[32m""[39m
                [36m>[39m
                  [0mSelect a playlist...[0m
                [36m</option>[39m
                [36m<option[39m
                  [33mvalue[39m=[32m"pl-1"[39m
                [36m>[39m
                  [0mMy Playlist[0m
                [36m</option>[39m
                [36m<option[39m
                  [33mvalue[39m=[32m"pl-2"[39m
                [36m>[39m
                  [0mCoding Beats[0m
                [36m</option>[39m
              [36m</select>[39m
            [36m</div>[39m
            [36m<div[39m
              [33mclass[39m=[32m"provider-role"[39m
            [36m>[39m
              [0mSource[0m
            [36m</div>[39m
          [36m</div>[39m
          [36m<svg[39m
            [33maria-hidden[39m=[32m"true"[39m
            [33mclass[39m=[32m"lucide lucide-arrow-right-left exchange-icon"[39m
            [33mfill[39m=[32m"none"[39m
            [33mheight[39m=[32m"24"[39m
            [33mstroke[39m=[32m"currentColor"[39m
            [33mstroke-linecap[39m=[32m"round"[39m
            [33mstroke-linejoin[39m=[32m"round"[39m
            [33mstroke-width[39m=[32m"2"[39m
            [33mviewBox[39m=[32m"0 0 24 24"[39m
            [33mwidth[39m=[32m"24"[39m
            [33mxmlns[39m=[32m"http://www.w3.org/2000/svg"[39m
          [36m>[39m
            [36m<path[39m
              [33md[39m=[32m"m16 3 4 4-4 4"[39m
            [36m/>[39m
            [36m<path[39m
              [33md[39m=[32m"M20 7H4"[39m
            [36m/>[39m
            [36m<path[39m
              [33md[39m=[32m"m8 21-4-4 4-4"[39m
            [36m/>[39m
            [36m<path[39m
              [33md[39m=[32m"M4 17h16"[39m
            [36m/>[39m
          [36m</svg>[39m
          [36m<div[39m
            [33mclass[39m=[32m"provider-box destination youtube"[39m
          [36m>[39m
            [36m<button[39m
              [33mclass[39m=[32m"refresh-corner-btn"[39m
              [33mtitle[39m=[32m"Refresh Playlists"[39m
            [36m>[39m
              [36m<svg[39m
                [33maria-hidden[39m=[32m"true"[39m
                [33mclass[39m=[32m"lucide lucide-refresh-ccw"[39m
                [33mfill[39m=[32m"none"[39m
                [33mheight[39m=[32m"16"[39m
                [33mstroke[39m=[32m"currentColor"[39m
                [33mstroke-linecap[39m=[32m"round"[39m
                [33mstroke-linejoin[39m=[32m"round"[39m
                [33mstroke-width[39m=[32m"2"[39m
                [33mviewBox[39m=[32m"0 0 24 24"[39m
                [33mwidth[39m=[32m"16"[39m
                [33mxmlns[39m=[32m"http://www.w3.org/2000/svg"[39m
              [36m>[39m
                [36m<path[39m
                  [33md[39m=[32m"M21 12a9 9 0 0 0-9-9 9.75 9.75 0 0 0-6.74 2.74L3 8"[39m
                [36m/>[39m
                [36m<path[39m
                  [33md[39m=[32m"M3 3v5h5"[39m
                [36m/>[39m
                [36m<path[39m
                  [33md[39m=[32m"M3 12a9 9 0 0 0 9 9 9.75 9.75 0 0 0 6.74-2.74L21 16"[39m
                [36m/>[39m
                [36m<path[39m
                  [33md[39m=[32m"M16 16h5v5"[39m
                [36m/>[39m
              [36m</svg>[39m
            [36m</button>[39m
            [36m<svg[39m
              [33mclass[39m=[32m"provider-icon youtube"[39m
              [33mfill[39m=[32m"currentColor"[39m
              [33mheight[39m=[32m"1em"[39m
              [33mviewBox[39m=[32m"0 0 24 24"[39m
              [33mwidth[39m=[32m"1em"[39m
              [33mxmlns[39m=[32m"http://www.w3.org/2000/svg"[39m
            [36m>[39m
              [36m<path[39m
                [33md[39m=[32m"M12 0C5.376 0 0 5.376 0 12s5.376 12 12 12 12-5.376 12-12S18.624 0 12 0zm0 
19.104c-3.924 0-7.104-3.18-7.104-7.104S8.076 4.896 12 4.896s7.104 3.18 7.104 7.104-3.18 7.104-7.104 
7.104zm0-13.332c-3.432 0-6.228 2.796-6.228 6.228S8.568 18.228 12 18.228s6.228-2.796 6.228-6.228S15.432 5.772 12 
5.772zM9.684 15.54V8.46L15.816 12l-6.132 3.54z"[39m
              [36m/>[39m
            [36m</svg>[39m
            [36m<select[39m
              [33mclass[39m=[32m"provider-select"[39m
            [36m>[39m
              [36m<option[39m
                [33mvalue[39m=[32m"youtube"[39m
              [36m>[39m
                [0mYouTube Music[0m
              [36m</option>[39m
            [36m</select>[39m
            [36m<div[39m
              [33mclass[39m=[32m"playlist-picker"[39m
            [36m>[39m
              [36m<select[39m
                [33mclass[39m=[32m"provider-select inner"[39m
              [36m>[39m
                [36m<option[39m
                  [33mvalue[39m=[32m""[39m
                [36m>[39m
                  [0m✨ Create New Playlist[0m
                [36m</option>[39m
                [36m<option[39m
                  [33mvalue[39m=[32m"pl-1"[39m
                [36m>[39m
                  [0mMy Playlist[0m
                [36m</option>[39m
                [36m<option[39m
                  [33mvalue[39m=[32m"pl-2"[39m
                [36m>[39m
                  [0mCoding Beats[0m
                [36m</option>[39m
              [36m</select>[39m
            [36m</div>[39m
            [36m<div[39m
              [33mclass[39m=[32m"provider-role"[39m
            [36m>[39m
              [0mDestination[0m
            [36m</div>[39m
          [36m</div>[39m
        [36m</div>[39m
        [36m<button[39m
          [33mclass[39m=[32m"convert-btn "[39m
        [36m>[39m
          [0mStart Conversion[0m
        [36m</button>[39m
      [36m</main>[39m
    [36m</div>[39m
  [36m</div>[39m
[36m</body>[39m

Ignored nodes: comments, script, style
[36m<html>[39m
  [36m<head />[39m
  [36m<body>[39m
    [36m<div>[39m
      [36m<div[39m
        [33mclass[39m=[32m"app-container"[39m
      [36m>[39m
        [36m<header[39m
          [33mclass[39m=[32m"header"[39m
        [36m>[39m
          [36m<h1[39m
            [33mclass[39m=[32m"title"[39m
          [36m>[39m
            [0mPortify[0m
          [36m</h1>[39m
          [36m<p[39m
            [33mclass[39m=[32m"subtitle"[39m
          [36m>[39m
            [0mThe Universal Playlist Converter[0m
          [36m</p>[39m
          [36m<div[39m
            [33mclass[39m=[32m"supported-providers-banner"[39m
          [36m>[39m
            [36m<span[39m
              [33mclass[39m=[32m"banner-text"[39m
            [36m>[39m
              [0mSupported Platforms:[0m
            [36m</span>[39m
            [36m<div[39m
              [33mclass[39m=[32m"banner-icons"[39m
            [36m>[39m
              [36m<svg[39m
                [33mclass[39m=[32m"banner-icon spotify"[39m
                [33mfill[39m=[32m"currentColor"[39m
                [33mheight[39m=[32m"1em"[39m
                [33mviewBox[39m=[32m"0 0 24 24"[39m
                [33mwidth[39m=[32m"1em"[39m
                [33mxmlns[39m=[32m"http://www.w3.org/2000/svg"[39m
              [36m>[39m
                [36m<title>[39m
                  [0mSpotify[0m
                [36m</title>[39m
                [36m<path[39m
                  [33md[39m=[32m"M12 0C5.4 0 0 5.4 0 12s5.4 12 12 12 12-5.4 12-12S18.6 0 12 0zm5.521 
17.34c-.24.359-.66.48-1.021.24-2.82-1.74-6.36-2.101-10.561-1.141-.418.122-.779-.179-.899-.539-.12-.421.18-.78.54-.9 
4.56-1.021 8.52-.6 11.64 1.32.42.18.54.659.3 1.02zm1.44-3.3c-.301.42-.841.6-1.262.3-3.239-1.98-8.159-2.58-11.939-1.38-.
479.12-1.02-.12-1.14-.6-.12-.48.12-1.021.6-1.141C9.6 9.9 15 10.561 18.72 12.84c.361.181.54.78.241 1.2zm.12-3.36C15.24 
8.4 8.82 8.16 5.16 9.301c-.6.179-1.2-.181-1.38-.721-.18-.6.18-1.2.72-1.38 4.2-1.26 11.28-1.02 15.72 1.621.539.3.719 
1.02.419 1.56-.299.421-1.02.599-1.559.3z"[39m
                [36m/>[39m
              [36m</svg>[39m
              [36m<svg[39m
                [33mclass[39m=[32m"banner-icon youtube"[39m
                [33mfill[39m=[32m"currentColor"[39m
                [33mheight[39m=[32m"1em"[39m
                [33mviewBox[39m=[32m"0 0 24 24"[39m
                [33mwidth[39m=[32m"1em"[39m
                [33mxmlns[39m=[32m"http://www.w3.org/2000/svg"[39m
              [36m>[39m
                [36m<title>[39m
                  [0mYouTube Music[0m
                [36m</title>[39m
                [36m<path[39m
                  [33md[39m=[32m"M12 0C5.376 0 0 5.376 0 12s5.376 12 12 12 12-5.376 12-12S18.624 0 12 0zm0 
19.104c-3.924 0-7.104-3.18-7.104-7.104S8.076 4.896 12 4.896s7.104 3.18 7.104 7.104-3.18 7.104-7.104 
7.104zm0-13.332c-3.432 0-6.228 2.796-6.228 6.228S8.568 18.228 12 18.228s6.228-2.796 6.228-6.228S15.432 5.772 12 
5.772zM9.684 15.54V8.46L15.816 12l-6.132 3.54z"[39m
                [36m/>[39m
              [36m</svg>[39m
              [36m<svg[39m
                [33mclass[39m=[32m"banner-icon tidal"[39m
                [33mfill[39m=[32m"currentColor"[39m
                [33mheight[39m=[32m"1em"[39m
                [33mviewBox[39m=[32m"0 0 24 24"[39m
                [33mwidth[39m=[32m"1em"[39m
                [33mxmlns[39m=[32m"http://www.w3.org/2000/svg"[39m
              [36m>[39m
                [36m<title>[39m
                  [0mTidal[0m
                [36m</title>[39m
                [36m<path[39m
                  [33md[39m=[32m"M12.01 5.334L8.683 2 5.341 5.334l3.327 3.322 3.342-3.322zM8.683 8.656L5.341 
12l3.342 3.333 3.327-3.333-3.327-3.344zM12.01 12l-3.327 3.333L12.01 18.667l3.342-3.334L12.01 12zM15.353 8.656L12.01 
12l3.342 3.333L18.678 12l-3.325-3.344zM18.678 5.334L15.353 2 12.01 5.334l3.343 3.322 3.325-3.322z"[39m
                [36m/>[39m
              [36m</svg>[39m
            [36m</div>[39m
          [36m</div>[39m
        [36m</header>[39m
        [36m<main[39m
          [33mclass[39m=[32m"converter-card"[39m
        [36m>[39m
          [36m<div[39m
            [33mclass[39m=[32m"provider-section"[39m
          [36m>[39m
            [36m<div[39m
              [33mclass[39m=[32m"provider-box source spotify"[39m
            [36m>[39m
              [36m<button[39m
                [33mclass[39m=[32m"refresh-corner-btn"[39m
                [33mtitle[39m=[32m"Refresh Playlists"[39m
              [36m>[39m
                [36m<svg[39m
                  [33maria-hidden[39m=[32m"true"[39m
                  [33mclass[39m=[32m"lucide lucide-refresh-ccw"[39m
                  [33mfill[39m=[32m"none"[39m
                  [33mheight[39m=[32m"16"[39m
                  [33mstroke[39m=[32m"currentColor"[39m
                  [33mstroke-linecap[39m=[32m"round"[39m
                  [33mstroke-linejoin[39m=[32m"round"[39m
                  [33mstroke-width[39m=[32m"2"[39m
                  [33mviewBox[39m=[32m"0 0 24 24"[39m
                  [33mwidth[39m=[32m"16"[39m
                  [33mxmlns[39m=[32m"http://www.w3.org/2000/svg"[39m
                [36m>[39m
                  [36m<path[39m
                    [33md[39m=[32m"M21 12a9 9 0 0 0-9-9 9.75 9.75 0 0 0-6.74 2.74L3 8"[39m
                  [36m/>[39m
                  [36m<path[39m
                    [33md[39m=[32m"M3 3v5h5"[39m
                  [36m/>[39m
                  [36m<path[39m
                    [33md[39m=[32m"M3 12a9 9 0 0 0 9 9 9.75 9.75 0 0 0 6.74-2.74L21 16"[39m
                  [36m/>[39m
                  [36m<path[39m
                    [33md[39m=[32m"M16 16h5v5"[39m
                  [36m/>[39m
                [36m</svg>[39m
              [36m</button>[39m
              [36m<svg[39m
                [33mclass[39m=[32m"provider-icon spotify"[39m
                [33mfill[39m=[32m"currentColor"[39m
                [33mheight[39m=[32m"1em"[39m
                [33mviewBox[39m=[32m"0 0 24 24"[39m
                [33mwidth[39m=[32m"1em"[39m
                [33mxmlns[39m=[32m"http://www.w3.org/2000/svg"[39m
              [36m>[39m
                [36m<path[39m
                  [33md[39m=[32m"M12 0C5.4 0 0 5.4 0 12s5.4 12 12 12 12-5.4 12-12S18.6 0 12 0zm5.521 
17.34c-.24.359-.66.48-1.021.24-2.82-1.74-6.36-2.101-10.561-1.141-.418.122-.779-.179-.899-.539-.12-.421.18-.78.54-.9 
4.56-1.021 8.52-.6 11.64 1.32.42.18.54.659.3 1.02zm1.44-3.3c-.301.42-.841.6-1.262.3-3.239-1.98-8.159-2.58-11.939-1.38-.
479.12-1.02-.12-1.14-.6-.12-.48.12-1.021.6-1.141C9.6 9.9 15 10.561 18.72 12.84c.361.181.54.78.241 1.2zm.12-3.36C15.24 
8.4 8.82 8.16 5.16 9.301c-.6.179-1.2-.181-1.38-.721-.18-.6.18-1.2.72-1.38 4.2-1.26 11.28-1.02 15.72 1.621.539.3.719 
1.02.419 1.56-.299.421-1.02.599-1.559.3z"[39m
                [36m/>[39m
              [36m</svg>[39m
              [36m<select[39m
                [33mclass[39m=[32m"provider-select"[39m
              [36m>[39m
                [36m<option[39m
                  [33mvalue[39m=[32m"spotify"[39m
                [36m>[39m
                  [0mSpotify[0m
                [36m</option>[39m
              [36m</select>[39m
              [36m<div[39m
                [33mclass[39m=[32m"playlist-picker"[39m
              [36m>[39m
                [36m<select[39m
                  [33mclass[39m=[32m"provider-select inner"[39m
                [36m>[39m
                  [36m<option[39m
                    [33mdisabled[39m=[32m""[39m
                    [33mvalue[39m=[32m""[39m
                  [36m>[39m
                    [0mSelect a playlist...[0m
                  [36m</option>[39m
                  [36m<option[39m
                    [33mvalue[39m=[32m"pl-1"[39m
                  [36m>[39m
                    [0mMy Playlist[0m
                  [36m</option>[39m
                  [36m<option[39m
                    [33mvalue[39m=[32m"pl-2"[39m
                  [36m>[39m
                    [0mCoding Beats[0m
                  [36m</option>[39m
                [36m</select>[39m
              [36m</div>[39m
              [36m<div[39m
                [33mclass[39m=[32m"provider-role"[39m
              [36m>[39m
                [0mSource[0m
              [36m</div>[39m
            [36m</div>[39m
            [36m<svg[39m
              [33maria-hidden[39m=[32m"true"[39m
              [33mclass[39m=[32m"lucide lucide-arrow-right-left exchange-icon"[39m
              [33mfill[39m=[32m"none"[39m
              [33mheight[39m=[32m"24"[39m
              [33mstroke[39m=[32m"currentColor"[39m
              [33mstroke-linecap[39m=[32m"round"[39m
              [33mstroke-linejoin[39m=[32m"round"[39m
              [33mstroke-width[39m=[32m"2"[39m
              [33mviewBox[39m=[32m"0 0 24 24"[39m
              [33mwidth[39m=[32m"24"[39m
              [33mxmlns[39m=[32m"http://www.w3.org/2000/svg"[39m
            [36m>[39m
              [36m<path[39m
                [33md[39m=[32m"m16 3 4 4-4 4"[39m
              [36m/>[39m
              [36m<path[39m
                [33md[39m=[32m"M20 7H4"[39m
              [36m/>[39m
              [36m<path[39m
                [33md[39m=[32m"m8 21-4-4 4-4"[39m
              [36m/>[39m
              [36m<path[39m
                [33md[39m=[32m"M4 17h16"[39m
              [36m/>[39m
            [36m</svg>[39m
            [36m<div[39m
              [33mclass[39m=[32m"provider-box destination youtube"[39m
            [36m>[39m
              [36m<button[39m
                [33mclass[39m=[32m"refresh-corner-btn"[39m
                [33mtitle[39m=[32m"Refresh Playlists"[39m
              [36m>[39m
                [36m<svg[39m
                  [33maria-hidden[39m=[32m"true"[39m
                  [33mclass[39m=[32m"lucide lucide-refresh-ccw"[39m
                  [33mfill[39m=[32m"none"[39m
                  [33mheight[39m=[32m"16"[39m
                  [33mstroke[39m=[32m"currentColor"[39m
                  [33mstroke-linecap[39m=[32m"round"[39m
                  [33mstroke-linejoin[39m=[32m"round"[39m
                  [33mstroke-width[39m=[32m"2"[39m
                  [33mviewBox[39m=[32m"0 0 24 24"[39m
                  [33mwidth[39m=[32m"16"[39m
                  [33mxmlns[39m=[32m"http://www.w3.org/2000/svg"[39m
                [36m>[39m

[2m Test Files [22m [1m[31m1 failed[39m[22m[90m (1)[39m
[2m      Tests [22m [1m[31m2 failed[39m[22m[2m | [22m[1m[32m7 passed[39m[22m[90m (9)[39m
[2m   Start at [22m 18:22:40
[2m   Duration [22m 5.42s[2m (transform 289ms, setup 0ms, import 868ms, tests 2.29s, environment 1.92s)[22m

                  [36m<path[39m
                    [33md[39m=[32m"M21 12a9 9 0 0 0-9-9 9.75 9.75 0 0 0-6.74 2.74L3 8"[39m
                  [36m/>[39m
                  [36m<path[39m
                    [33md[39m=[32m"M3 3v5h5"[39m
                  [36m/>[39m
                  [36m<path[39m
                    [33md[39m=[32m"M3 12a9 9 0 0 0 9 9 9.75 9.75 0 0 0 6.74-2.74L21 16"[39m
                  [36m/>[39m
                  [36m<path[39m
                    [33md[39m=[32m"M16 16h5v5"[39m
                  [36m/>[39m
                [36m</svg>[39m
              [36m</button>[39m
              [36m<svg[39m
                [33mclass[39m=[32m"provider-icon youtube"[39m
                [33mfill[39m=[32m"currentColor"[39m
                [33mheight[39m=[32m"1em"[39m
                [33mviewBox[39m=[32m"0 0 24 24"[39m
                [33mwidth[39m=[32m"1em"[39m
                [33mxmlns[39m=[32m"http://www.w3.org/2000/svg"[39m
              [36m>[39m
                [36m<path[39m
                  [33md[39m=[32m"M12 0C5.376 0 0 5.376 0 12s5.376 12 12 12 12-5.376 12-12S18.624 0 12 0zm0 
19.104c-3.924 0-7.104-3.18-7.104-7.104S8.076 4.896 12 4.896s7.104 3.18 7.104 7.104-3.18 7.104-7.104 
7.104zm0-13.332c-3.432 0-6.228 2.796-6.228 6.228S8.568 18.228 12 18.228s6.228-2.796 6.228-6.228S15.432 5.772 12 
5.772zM9.684 15.54V8.46L15.816 12l-6.132 3.54z"[39m
                [36m/>[39m
              [36m</svg>[39m
              [36m<select[39m
                [33mclass[39m=[32m"provider-select"[39m
              [36m>[39m
                [36m<option[39m
                  [33mvalue[39m=[32m"youtube"[39m
                [36m>[39m
                  [0mYouTube Music[0m
                [36m</option>[39m
              [36m</select>[39m
              [36m<div[39m
                [33mclass[39m=[32m"playlist-picker"[39m
              [36m>[39m
                [36m<select[39m
                  [33mclass[39m=[32m"provider-select inner"[39m
                [36m>[39m
                  [36m<option[39m
                    [33mvalue[39m=[32m""[39m
                  [36m>[39m
                    [0m✨ Create New Playlist[0m
                  [36m</option>[39m
                  [36m<option[39m
                    [33mvalue[39m=[32m"pl-1"[39m
                  [36m>[39m
                    [0mMy Playlist[0m
                  [36m</option>[39m
                  [36m<option[39m
                    [33mvalue[39m=[32m"pl-2"[39m
                  [36m>[39m
                    [0mCoding Beats[0m
                  [36m</option>[39m
                [36m</select>[39m
              [36m</div>[39m
              [36m<div[39m
                [33mclass[39m=[32m"provider-role"[39m
              [36m>[39m
                [0mDestination[0m
              [36m</div>[39m
            [36m</div>[39m
          [36m</div>[39m
          [36m<button[39m
            [33mclass[39m=[32m"convert-btn "[39m
          [36m>[39m
            [0mStart Conversion[0m
          [36m</button>[39m
        [36m</main>[39m
      [36m</div>[39m
    [36m</div>[39m
  [36m</body>[39m
[36m</html>[39m
[90m [2m❯[22m Proxy.waitForWrapper node_modules/@testing-library/dom/dist/wait-for.js:[2m163:27[22m[39m
[36m [2m❯[22m src/App.test.tsx:[2m131:11[22m[39m
    [90m129|[39m
    [90m130|[39m     [90m// Wait for playlists to load[39m
    [90m131|[39m     [35mawait[39m [34mwaitFor[39m(() [33m=>[39m {
    [90m   |[39m           [31m^[39m
    [90m132|[39m       [34mexpect[39m(screen[33m.[39m[34mgetByText[39m([32m'My 
Playlist'[39m))[33m.[39m[34mtoBeDefined[39m()
    [90m133|[39m     })

[31m[2m⎯⎯⎯⎯⎯⎯⎯⎯⎯⎯⎯⎯⎯⎯⎯⎯⎯⎯⎯⎯⎯⎯⎯⎯[2/2]⎯[22m[39m

